{
  "candidate_id": "C2_TiO2_60",
  "top_pair_count": 6,
  "bottom_pair_count": 0,
  "cavity_span_nm": 220.0,
  "termination": "TiO2_60nm",
  "termination_thickness_nm": 60.0,
  "wavelength_nm": 450.0,
  "dipole_orientation": "physical_x_theta90_phi0",
  "status": "ok",
  "runtime_s": 13.194158900063485,
  "result_fsp": "D:\\project\\blue_apcd_microled_metasurface\\outputs\\r1c2_rcled_c2_focused_refinement\\_saved_fsp\\R1C2_C2_TiO2_60_450nm.fsp",
  "eta5": 0.127199200587539,
  "eta10": 0.35615395888988854,
  "eta20": 0.5719845793592444,
  "eta30": 0.8111814276695947,
  "ring_power_abs_0_10": 0.35615395888988854,
  "ring_power_abs_10_20": 0.2158306204693558,
  "ring_power_abs_20_30": 0.23919684831035032,
  "ring_power_abs_30_45": 0.13078841342573774,
  "FWHM_deg": 46.1201224788539,
  "peak_angle_deg": -9.356755440825347,
  "peak_abs_angle_deg": 9.356755440825347,
  "P_total": 0.004088041864975772,
  "outside20": 0.4280154206407556,
  "dominant_zone": "abs_20_30",
  "near_normal_peak": true,
  "left_right_asymmetry": 9.109049804690964e-09
}