{
  "candidate_id": "C2_TiO2_40",
  "top_pair_count": 6,
  "bottom_pair_count": 0,
  "cavity_span_nm": 220.0,
  "termination": "TiO2_40nm",
  "termination_thickness_nm": 40.0,
  "wavelength_nm": 450.0,
  "dipole_orientation": "physical_x_theta90_phi0",
  "status": "ok",
  "runtime_s": 11.579381899908185,
  "result_fsp": "D:\\project\\blue_apcd_microled_metasurface\\outputs\\r1c2_rcled_c2_focused_refinement\\_saved_fsp\\R1C2_C2_TiO2_40_450nm.fsp",
  "eta5": 0.05523803674775369,
  "eta10": 0.33504878498249013,
  "eta20": 0.44899313582075245,
  "eta30": 0.6633440280846123,
  "ring_power_abs_0_10": 0.33504878498249013,
  "ring_power_abs_10_20": 0.11394435083826226,
  "ring_power_abs_20_30": 0.21435089226385995,
  "ring_power_abs_30_45": 0.14662426554322786,
  "FWHM_deg": 45.746564473165506,
  "peak_angle_deg": 8.08084752443434,
  "peak_abs_angle_deg": 8.08084752443434,
  "P_total": 0.002021029821217176,
  "outside20": 0.5510068641792476,
  "dominant_zone": "abs_5_10",
  "near_normal_peak": true,
  "left_right_asymmetry": 4.370381700485725e-08
}