{
  "candidate_id": "C2_cav210",
  "top_pair_count": 6,
  "bottom_pair_count": 0,
  "cavity_span_nm": 210.0,
  "termination": "TiO2_50nm",
  "termination_thickness_nm": 50.0,
  "wavelength_nm": 453.0,
  "dipole_orientation": "physical_x_theta90_phi0",
  "status": "ok",
  "runtime_s": 11.607115000020713,
  "result_fsp": "D:\\project\\blue_apcd_microled_metasurface\\outputs\\r1c2_rcled_c2_focused_refinement\\_saved_fsp\\R1C2_C2_cav210_453nm.fsp",
  "eta5": 0.08560571886779032,
  "eta10": 0.41966030329413506,
  "eta20": 0.6013016219973835,
  "eta30": 0.7522639685566561,
  "ring_power_abs_0_10": 0.41966030329413506,
  "ring_power_abs_10_20": 0.1816413187032485,
  "ring_power_abs_20_30": 0.15096234655927263,
  "ring_power_abs_30_45": 0.04775638957634722,
  "FWHM_deg": 106.43235050286953,
  "peak_angle_deg": 7.386635549336675,
  "peak_abs_angle_deg": 7.386635549336675,
  "P_total": 0.0019750650279427764,
  "outside20": 0.39869837800261654,
  "dominant_zone": "abs_5_10",
  "near_normal_peak": true,
  "left_right_asymmetry": -1.7327392126951948e-08
}