{
  "candidate_id": "C2_TiO2_60",
  "top_pair_count": 6,
  "bottom_pair_count": 0,
  "cavity_span_nm": 220.0,
  "termination": "TiO2_60nm",
  "termination_thickness_nm": 60.0,
  "wavelength_nm": 453.0,
  "dipole_orientation": "physical_x_theta90_phi0",
  "status": "ok",
  "runtime_s": 13.161493400111794,
  "result_fsp": "D:\\project\\blue_apcd_microled_metasurface\\outputs\\r1c2_rcled_c2_focused_refinement\\_saved_fsp\\R1C2_C2_TiO2_60_453nm.fsp",
  "eta5": 0.0664070322844277,
  "eta10": 0.388221082228986,
  "eta20": 0.5563875589662474,
  "eta30": 0.7768921532457153,
  "ring_power_abs_0_10": 0.388221082228986,
  "ring_power_abs_10_20": 0.16816647673726146,
  "ring_power_abs_20_30": 0.2205045942794678,
  "ring_power_abs_30_45": 0.10128189659424064,
  "FWHM_deg": 46.619008437630605,
  "peak_angle_deg": -9.240579930397136,
  "peak_abs_angle_deg": 9.240579930397136,
  "P_total": 0.004906511961939617,
  "outside20": 0.44361244103375264,
  "dominant_zone": "abs_5_10",
  "near_normal_peak": true,
  "left_right_asymmetry": 1.5720454234899035e-08
}