{
  "candidate_id": "C2_base",
  "top_pair_count": 6,
  "bottom_pair_count": 0,
  "cavity_span_nm": 220.0,
  "termination": "TiO2_50nm",
  "termination_thickness_nm": 50.0,
  "wavelength_nm": 450.0,
  "dipole_orientation": "physical_x_theta90_phi0",
  "status": "ok",
  "runtime_s": 12.255149099975824,
  "result_fsp": "D:\\project\\blue_apcd_microled_metasurface\\outputs\\r1c2_rcled_c2_focused_refinement\\_saved_fsp\\R1C2_C2_base_450nm.fsp",
  "eta5": 0.12901361717385199,
  "eta10": 0.4232711386076305,
  "eta20": 0.6340373335758951,
  "eta30": 0.8885292168838117,
  "ring_power_abs_0_10": 0.4232711386076305,
  "ring_power_abs_10_20": 0.21076619496826454,
  "ring_power_abs_20_30": 0.2544918833079166,
  "ring_power_abs_30_45": 0.06329219481331995,
  "FWHM_deg": 46.86880208688322,
  "peak_angle_deg": 9.18250657419009,
  "peak_abs_angle_deg": 9.18250657419009,
  "P_total": 0.0025483167982925025,
  "outside20": 0.3659626664241049,
  "dominant_zone": "abs_5_10",
  "near_normal_peak": true,
  "left_right_asymmetry": 3.45042011655083e-08
}