{
  "candidate_id": "C2_cav210",
  "top_pair_count": 6,
  "bottom_pair_count": 0,
  "cavity_span_nm": 210.0,
  "termination": "TiO2_50nm",
  "termination_thickness_nm": 50.0,
  "wavelength_nm": 456.0,
  "dipole_orientation": "physical_x_theta90_phi0",
  "status": "ok",
  "runtime_s": 11.415740900207311,
  "result_fsp": "D:\\project\\blue_apcd_microled_metasurface\\outputs\\r1c2_rcled_c2_focused_refinement\\_saved_fsp\\R1C2_C2_cav210_456nm.fsp",
  "eta5": 0.23395636894902752,
  "eta10": 0.4326135929762538,
  "eta20": 0.6851902783018486,
  "eta30": 0.8074248773545856,
  "ring_power_abs_0_10": 0.4326135929762538,
  "ring_power_abs_10_20": 0.2525766853255948,
  "ring_power_abs_20_30": 0.12223459905273704,
  "ring_power_abs_30_45": 0.08134872032981798,
  "FWHM_deg": 34.873144034109366,
  "peak_angle_deg": -16.119332491297886,
  "peak_abs_angle_deg": 16.119332491297886,
  "P_total": 0.001653971071547736,
  "outside20": 0.31480972169815136,
  "dominant_zone": "abs_10_20",
  "near_normal_peak": false,
  "left_right_asymmetry": -1.1358578593100758e-07
}