{
  "candidate_id": "C2_base",
  "top_pair_count": 6,
  "bottom_pair_count": 0,
  "cavity_span_nm": 220.0,
  "termination": "TiO2_50nm",
  "termination_thickness_nm": 50.0,
  "wavelength_nm": 456.0,
  "dipole_orientation": "physical_x_theta90_phi0",
  "status": "ok",
  "runtime_s": 11.601585399825126,
  "result_fsp": "D:\\project\\blue_apcd_microled_metasurface\\outputs\\r1c2_rcled_c2_focused_refinement\\_saved_fsp\\R1C2_C2_base_456nm.fsp",
  "eta5": 0.11653814624310793,
  "eta10": 0.46858227681900233,
  "eta20": 0.6553266184858296,
  "eta30": 0.7888809029052776,
  "ring_power_abs_0_10": 0.46858227681900233,
  "ring_power_abs_10_20": 0.18674434166682724,
  "ring_power_abs_20_30": 0.133554284419448,
  "ring_power_abs_30_45": 0.0512387429198956,
  "FWHM_deg": 23.027114804680462,
  "peak_angle_deg": -7.271042291234987,
  "peak_abs_angle_deg": 7.271042291234987,
  "P_total": 0.0012662944446738419,
  "outside20": 0.3446733815141704,
  "dominant_zone": "abs_5_10",
  "near_normal_peak": true,
  "left_right_asymmetry": -1.0765130590773655e-07
}