{
  "candidate_id": "C2_cav230",
  "top_pair_count": 6,
  "bottom_pair_count": 0,
  "cavity_span_nm": 230.0,
  "termination": "TiO2_50nm",
  "termination_thickness_nm": 50.0,
  "wavelength_nm": 450.0,
  "dipole_orientation": "physical_x_theta90_phi0",
  "status": "ok",
  "runtime_s": 13.193805200047791,
  "result_fsp": "D:\\project\\blue_apcd_microled_metasurface\\outputs\\r1c2_rcled_c2_focused_refinement\\_saved_fsp\\R1C2_C2_cav230_450nm.fsp",
  "eta5": 0.12482634710749067,
  "eta10": 0.39847885776285646,
  "eta20": 0.5865632812974813,
  "eta30": 0.8563771945857132,
  "ring_power_abs_0_10": 0.39847885776285646,
  "ring_power_abs_10_20": 0.18808442353462476,
  "ring_power_abs_20_30": 0.26981391328823207,
  "ring_power_abs_30_45": 0.08341667560493236,
  "FWHM_deg": 46.49419962557087,
  "peak_angle_deg": -9.298662864455567,
  "peak_abs_angle_deg": 9.298662864455567,
  "P_total": 0.003420258451042314,
  "outside20": 0.41343671870251875,
  "dominant_zone": "abs_5_10",
  "near_normal_peak": true,
  "left_right_asymmetry": -3.342699688863965e-08
}