{
  "candidate_id": "C2_TiO2_40",
  "top_pair_count": 6,
  "bottom_pair_count": 0,
  "cavity_span_nm": 220.0,
  "termination": "TiO2_40nm",
  "termination_thickness_nm": 40.0,
  "wavelength_nm": 456.0,
  "dipole_orientation": "physical_x_theta90_phi0",
  "status": "ok",
  "runtime_s": 11.193053999915719,
  "result_fsp": "D:\\project\\blue_apcd_microled_metasurface\\outputs\\r1c2_rcled_c2_focused_refinement\\_saved_fsp\\R1C2_C2_TiO2_40_456nm.fsp",
  "eta5": 0.25258979149093125,
  "eta10": 0.4443586582292107,
  "eta20": 0.7212644391737727,
  "eta30": 0.8122857856701778,
  "ring_power_abs_0_10": 0.4443586582292107,
  "ring_power_abs_10_20": 0.27690578094456203,
  "ring_power_abs_20_30": 0.09102134649640521,
  "ring_power_abs_30_45": 0.09018384305429623,
  "FWHM_deg": 34.873144034109366,
  "peak_angle_deg": -16.000027602519868,
  "peak_abs_angle_deg": 16.000027602519868,
  "P_total": 0.0015012035355851249,
  "outside20": 0.2787355608262273,
  "dominant_zone": "abs_10_20",
  "near_normal_peak": false,
  "left_right_asymmetry": -8.5240640640569e-08
}