{
  "candidate_id": "C2_TiO2_40",
  "top_pair_count": 6,
  "bottom_pair_count": 0,
  "cavity_span_nm": 220.0,
  "termination": "TiO2_40nm",
  "termination_thickness_nm": 40.0,
  "wavelength_nm": 453.0,
  "dipole_orientation": "physical_x_theta90_phi0",
  "status": "ok",
  "runtime_s": 11.579154400154948,
  "result_fsp": "D:\\project\\blue_apcd_microled_metasurface\\outputs\\r1c2_rcled_c2_focused_refinement\\_saved_fsp\\R1C2_C2_TiO2_40_453nm.fsp",
  "eta5": 0.0794388300826539,
  "eta10": 0.4135812968342029,
  "eta20": 0.5961042163189115,
  "eta30": 0.7320435915287655,
  "ring_power_abs_0_10": 0.4135812968342029,
  "ring_power_abs_10_20": 0.1825229194847086,
  "ring_power_abs_20_30": 0.13593937520985405,
  "ring_power_abs_30_45": 0.1049974106284511,
  "FWHM_deg": 20.225731771917477,
  "peak_angle_deg": -7.039944523798408,
  "peak_abs_angle_deg": 7.039944523798408,
  "P_total": 0.0021705923768009427,
  "outside20": 0.40389578368108847,
  "dominant_zone": "abs_5_10",
  "near_normal_peak": true,
  "left_right_asymmetry": -6.370220119324935e-08
}