{
  "candidate_id": "C2_TiO2_60",
  "top_pair_count": 6,
  "bottom_pair_count": 0,
  "cavity_span_nm": 220.0,
  "termination": "TiO2_60nm",
  "termination_thickness_nm": 60.0,
  "wavelength_nm": 456.0,
  "dipole_orientation": "physical_x_theta90_phi0",
  "status": "ok",
  "runtime_s": 11.28481929982081,
  "result_fsp": "D:\\project\\blue_apcd_microled_metasurface\\outputs\\r1c2_rcled_c2_focused_refinement\\_saved_fsp\\R1C2_C2_TiO2_60_456nm.fsp",
  "eta5": 0.16080277792150272,
  "eta10": 0.4576194120066533,
  "eta20": 0.6605847157884752,
  "eta30": 0.8211469156397501,
  "ring_power_abs_0_10": 0.4576194120066533,
  "ring_power_abs_10_20": 0.2029653037818219,
  "ring_power_abs_20_30": 0.16056219985127476,
  "ring_power_abs_30_45": 0.0952353534176974,
  "FWHM_deg": 19.876451560768384,
  "peak_angle_deg": 7.444443487855303,
  "peak_abs_angle_deg": 7.444443487855303,
  "P_total": 0.001669743891031626,
  "outside20": 0.3394152842115248,
  "dominant_zone": "abs_5_10",
  "near_normal_peak": true,
  "left_right_asymmetry": -5.763565455973057e-08
}