{
  "candidate_id": "C2_base",
  "top_pair_count": 6,
  "bottom_pair_count": 0,
  "cavity_span_nm": 220.0,
  "termination": "TiO2_50nm",
  "termination_thickness_nm": 50.0,
  "wavelength_nm": 453.0,
  "dipole_orientation": "physical_x_theta90_phi0",
  "status": "ok",
  "runtime_s": 13.10777369979769,
  "result_fsp": "D:\\project\\blue_apcd_microled_metasurface\\outputs\\r1c2_rcled_c2_focused_refinement\\_saved_fsp\\R1C2_C2_base_453nm.fsp",
  "eta5": 0.11938477730246991,
  "eta10": 0.465542555514775,
  "eta20": 0.6901037642334005,
  "eta30": 0.8340843621663203,
  "ring_power_abs_0_10": 0.465542555514775,
  "ring_power_abs_10_20": 0.22456120871862542,
  "ring_power_abs_20_30": 0.14398059793292,
  "ring_power_abs_30_45": 0.04546565807223344,
  "FWHM_deg": 23.261170221202832,
  "peak_angle_deg": 6.924439030115558,
  "peak_abs_angle_deg": 6.924439030115558,
  "P_total": 0.0016657341764651043,
  "outside20": 0.3098962357665995,
  "dominant_zone": "abs_5_10",
  "near_normal_peak": true,
  "left_right_asymmetry": 1.1416019249907936e-07
}