{
  "candidate_id": "C2_cav230",
  "top_pair_count": 6,
  "bottom_pair_count": 0,
  "cavity_span_nm": 230.0,
  "termination": "TiO2_50nm",
  "termination_thickness_nm": 50.0,
  "wavelength_nm": 453.0,
  "dipole_orientation": "physical_x_theta90_phi0",
  "status": "ok",
  "runtime_s": 13.205748500302434,
  "result_fsp": "D:\\project\\blue_apcd_microled_metasurface\\outputs\\r1c2_rcled_c2_focused_refinement\\_saved_fsp\\R1C2_C2_cav230_453nm.fsp",
  "eta5": 0.0926985890470792,
  "eta10": 0.4607406097884527,
  "eta20": 0.6816741613325253,
  "eta30": 0.8556591642205009,
  "ring_power_abs_0_10": 0.4607406097884527,
  "ring_power_abs_10_20": 0.22093355154407265,
  "ring_power_abs_20_30": 0.1739850028879755,
  "ring_power_abs_30_45": 0.052484482696730915,
  "FWHM_deg": 46.86880208688322,
  "peak_angle_deg": 9.00834332946029,
  "peak_abs_angle_deg": 9.00834332946029,
  "P_total": 0.0024209925836738023,
  "outside20": 0.31832583866747466,
  "dominant_zone": "abs_5_10",
  "near_normal_peak": true,
  "left_right_asymmetry": -1.5270507619740174e-07
}