{
  "candidate_id": "C2_cav210",
  "top_pair_count": 6,
  "bottom_pair_count": 0,
  "cavity_span_nm": 210.0,
  "termination": "TiO2_50nm",
  "termination_thickness_nm": 50.0,
  "wavelength_nm": 450.0,
  "dipole_orientation": "physical_x_theta90_phi0",
  "status": "ok",
  "runtime_s": 13.10120529960841,
  "result_fsp": "D:\\project\\blue_apcd_microled_metasurface\\outputs\\r1c2_rcled_c2_focused_refinement\\_saved_fsp\\R1C2_C2_cav210_450nm.fsp",
  "eta5": 0.07532097524670306,
  "eta10": 0.41315083937072494,
  "eta20": 0.6075488257721711,
  "eta30": 0.8187217267776321,
  "ring_power_abs_0_10": 0.41315083937072494,
  "ring_power_abs_10_20": 0.19439798640144612,
  "ring_power_abs_20_30": 0.211172901005461,
  "ring_power_abs_30_45": 0.04852523646977112,
  "FWHM_deg": 23.7295774765823,
  "peak_angle_deg": -7.328835171051714,
  "peak_abs_angle_deg": 7.328835171051714,
  "P_total": 0.0018327357331008698,
  "outside20": 0.39245117422782894,
  "dominant_zone": "abs_5_10",
  "near_normal_peak": true,
  "left_right_asymmetry": -5.044613735518084e-08
}