{
  "candidate_id": "C2_cav230",
  "top_pair_count": 6,
  "bottom_pair_count": 0,
  "cavity_span_nm": 230.0,
  "termination": "TiO2_50nm",
  "termination_thickness_nm": 50.0,
  "wavelength_nm": 456.0,
  "dipole_orientation": "physical_x_theta90_phi0",
  "status": "ok",
  "runtime_s": 11.228848000057042,
  "result_fsp": "D:\\project\\blue_apcd_microled_metasurface\\outputs\\r1c2_rcled_c2_focused_refinement\\_saved_fsp\\R1C2_C2_cav230_456nm.fsp",
  "eta5": 0.11457264659035529,
  "eta10": 0.4942185387009043,
  "eta20": 0.7190401009249459,
  "eta30": 0.8612277307907673,
  "ring_power_abs_0_10": 0.4942185387009043,
  "ring_power_abs_10_20": 0.22482156222404148,
  "ring_power_abs_20_30": 0.1421876298658215,
  "ring_power_abs_30_45": 0.05262074109131304,
  "FWHM_deg": 19.527357789035474,
  "peak_angle_deg": 6.808961808702712,
  "peak_abs_angle_deg": 6.808961808702712,
  "P_total": 0.00155918546139743,
  "outside20": 0.28095989907505414,
  "dominant_zone": "abs_5_10",
  "near_normal_peak": true,
  "left_right_asymmetry": 4.129099097910077e-08
}